_javascript
├── categories.js
├── commons.js
├── home.js
├── misc.js
├── modules
│   ├── components
│   │   ├── back-to-top.js
│   │   ├── category-collapse.js
│   │   ├── clipboard.js
│   │   ├── img-loading.js
│   │   ├── img-popup.js
│   │   ├── locale-datetime.js
│   │   ├── mermaid.js
│   │   ├── mode-toggle.js
│   │   ├── search-display.js
│   │   ├── toc
│   │   │   ├── toc-desktop.js
│   │   │   └── toc-mobile.js
│   │   ├── toc.js
│   │   └── tooltip-loader.js
│   ├── components.js
│   ├── layouts
│   │   ├── basic.js
│   │   ├── sidebar.js
│   │   └── topbar.js
│   └── layouts.js
├── page.js
├── post.js
├── pwa
│   ├── app.js
│   └── sw.js
└── theme.js
_includes
├── analytics
│   ├── cloudflare.html
│   ├── fathom.html
│   ├── goatcounter.html
│   ├── google.html
│   ├── matomo.html
│   └── umami.html
├── comment.html
├── comments
│   ├── disqus.html
│   ├── giscus.html
│   └── utterances.html
├── datetime.html
├── embed
│   ├── audio.html
│   ├── bilibili.html
│   ├── twitch.html
│   ├── video.html
│   └── youtube.html
├── favicons.html
├── footer.html
├── head.html
├── js-selector.html
├── jsdelivr-combine.html
├── lang.html
├── language-alias.html
├── media-url.html
├── metadata-hook.html
├── notification.html
├── origin-type.html
├── pageviews
│   └── goatcounter.html
├── post-description.html
├── post-nav.html
├── post-paginator.html
├── post-sharing.html
├── read-time.html
├── refactor-content.html
├── related-posts.html
├── search-loader.html
├── search-results.html
├── sidebar.html
├── toc-status.html
├── toc.html
├── topbar.html
├── trending-tags.html
└── update-list.html
